**************************************2016/01/12_11:30:30******************************************
/home/mtx/data/tide/outdata/haloes/halo/bias_smooth2.5_m3/0.000halo00_wfPk_kappa.hdf5 /home/mtx/data/tide/outdata/haloes/halo/bias_smooth2.5_m3/PS_KK
/home/mtx/github/Tide/src/TIDES.py:114: RuntimeWarning: invalid value encountered in sqrt
  return (fk(k)/Pk(k)/Q)**0.5/k
/home/zhm/haloes/halorhobin1024m3z0.000.dat
/home/mtx/data/tide/outdata/haloes/halo/bias_smooth2.5_m3/
Loading data.................
Save data....................
calculating deltaW...........
deltagx is ok
deltagy is ok
calculating gamma............
calculating kappa_3dx........
calculating kappa_3dx......OK
Save data....................
Loading data.................
Save data....................
Save data....................
Save data....................
step 1 ok
/home/mtx/data/tide/outdata/haloes/halo/bias_smooth2.5_m3/0.000halo00_wfPk_kappa.hdf5 /home/mtx/data/tide/outdata/haloes/halo/bias_smooth2.5_m3/PS_KK
/home/mtx/data/tide/outdata/haloes/halo/bias_smooth2.5_m3/
Loading hdf5
Loading data.................
Save data....................
Save data....................
Save data....................
step 2 ok
********************************************************************************
**************************************2016/01/12_17:57:10******************************************
/home/mtx/data/tide/outdata/haloes/halo/bias_smooth2.5_m3/0.000halo00_wfPk_kappa.hdf5 /home/mtx/data/tide/outdata/haloes/halo/bias_smooth2.5_m3/PS_KK
/home/mtx/github/Tide/src/TIDES.py:114: RuntimeWarning: invalid value encountered in sqrt
  return (fk(k)/Pk(k)/Q)**0.5/k
/home/zhm/haloes/halorhobin1024m3z0.000.dat
/home/mtx/data/tide/outdata/haloes/halo/bias_smooth2.5_m3/
Loading data.................
Save data....................
calculating deltaW...........
deltagx is ok
deltagy is ok
calculating gamma............
calculating kappa_3dx........
calculating kappa_3dx......OK
Save data....................
Loading data.................
Save data....................
Save data....................
Save data....................
step 1 ok
/home/mtx/data/tide/outdata/haloes/halo/bias_smooth2.5_m3/0.000halo00_wfPk_kappa.hdf5 /home/mtx/data/tide/outdata/haloes/halo/bias_smooth2.5_m3/PS_KK
/home/mtx/data/tide/outdata/haloes/halo/bias_smooth2.5_m3/
Loading hdf5
Loading data.................
Save data....................
Save data....................
Save data....................
step 2 ok
********************************************************************************
**************************************2016/01/15_10:43:40******************************************
/home/mtx/data/tide/outdata/haloes/halo/test/0.000halo00_wfPk_kappa.hdf5 /home/mtx/data/tide/outdata/haloes/halo/test/PS_KK
/home/mtx/github/Tide/src/TIDES.py:115: RuntimeWarning: invalid value encountered in sqrt
  return (fk(k)/Pk(k)/Q)**0.5/k
/home/zhm/haloes/halorhobin1024m3z0.000.dat
/home/mtx/data/tide/outdata/haloes/halo/test/
Loading hdf5
Save data....................
calculating deltaW...........
deltagx is ok
deltagy is ok
calculating gamma............
calculating kappa_3dx........
calculating kappa_3dx......OK
Save data....................
Loading data.................
Save data....................
Save data....................
Save data....................
step 1 ok
/home/mtx/data/tide/outdata/haloes/halo/test/0.000halo00_wfPk_kappa.hdf5 /home/mtx/data/tide/outdata/haloes/halo/test/PS_KK
/home/mtx/data/tide/outdata/haloes/halo/test/
Loading hdf5
Loading data.................
Save data....................
Save data....................
Save data....................
step 2 ok
********************************************************************************
**************************************2016/01/17_13:52:12******************************************
/home/mtx/data/tide/outdata/haloes/halo/test/0.000halo00_wfPk_kappa.hdf5 /home/mtx/data/tide/outdata/haloes/halo/test/PS_KK
/home/mtx/data/tide/haloes/halorhobin1024m3z0.000.dat.hdf5
/home/mtx/data/tide/outdata/haloes/halo/test/
Loading hdf5
Save data....................
Save data....................
step 1 ok
/home/mtx/data/tide/outdata/haloes/halo/test/0.000halo00_wfPk_kappa.hdf5 /home/mtx/data/tide/outdata/haloes/halo/test/PS_KK
/home/mtx/data/tide/outdata/haloes/halo/test/
Loading hdf5
Loading data.................
Save data....................
Save data....................
Save data....................
step 2 ok
********************************************************************************
